116.179.37.20 - - [10/Jul/2021:08:30:52 +0800] "POST /2018/01/29/cucumber-java%E7%89%88%E7%9C%9F%E6%AD%A3%E7%9A%84%E5%85%A5%E9%97%A8%E5%88%B0%E7%B2%BE%E9%80%9A%EF%BC%88day7%EF%BC%89/ HTTP/1.1" 200 22030 "http://www.ztloo.com/2018/01/29/cucumber-java%E7%89%88%E7%9C%9F%E6%AD%A3%E7%9A%84%E5%85%A5%E9%97%A8%E5%88%B0%E7%B2%BE%E9%80%9A%EF%BC%88day7%EF%BC%89/" "Mozilla/5.0 (compatible; Baiduspider-render/2.0; +http://www.baidu.com/search/spider.html)" "byu4034710001.my3w.com" "text/html" "/usr/home/byu4034710001/htdocs/index.php" 723008
116.179.37.105 - - [10/Jul/2021:08:30:59 +0800] "POST /2018/01/29/cucumber-java%E7%89%88%E7%9C%9F%E6%AD%A3%E7%9A%84%E5%85%A5%E9%97%A8%E5%88%B0%E7%B2%BE%E9%80%9A%EF%BC%88day7%EF%BC%89/ HTTP/1.1" 200 21824 "http://www.ztloo.com/2018/01/29/cucumber-java%E7%89%88%E7%9C%9F%E6%AD%A3%E7%9A%84%E5%85%A5%E9%97%A8%E5%88%B0%E7%B2%BE%E9%80%9A%EF%BC%88day7%EF%BC%89/" "Mozilla/5.0 (iPhone; CPU iPhone OS 9_1 like Mac OS X) AppleWebKit/601.1.46 (KHTML, like Gecko) Version/9.0 Mobile/13B143 Safari/601.1 (compatible; Baiduspider-render/2.0; +http://www.baidu.com/search/spider.html)" "byu4034710001.my3w.com" "text/html" "/usr/home/byu4034710001/htdocs/index.php" 791297
112.126.71.183 - - [10/Jul/2021:08:36:34 +0800] "POST /wp-cron.php?doing_wp_cron=1625877394.3865358829498291015625 HTTP/1.1" 200 20 "http://www.ztloo.com/wp-cron.php?doing_wp_cron=1625877394.3865358829498291015625" "WordPress/4.9.18; http://www.ztloo.com" "byu4034710001.my3w.com" "text/html" "/usr/home/byu4034710001/htdocs/wp-cron.php" 639855
171.111.62.229 - - [10/Jul/2021:08:36:33 +0800] "GET /2017/10/27/java%e4%bc%98%e5%85%88%e7%ba%a7%e9%98%9f%e5%88%97 HTTP/1.1" 301 20 "-" "Mozilla/5.0(Linux;Android 5.1.1;OPPO A33 Build/LMY47V;wv) AppleWebKit/537.36(KHTML,link Gecko) Version/4.0 Chrome/43.0.2357.121 Mobile Safari/537.36 LieBaoFast/4.51.3" "byu4034710001.my3w.com" "text/html" "/usr/home/byu4034710001/htdocs/index.php" 1256885
171.111.62.229 - - [10/Jul/2021:08:36:36 +0800] "GET /2017/10/27/java%e4%bc%98%e5%85%88%e7%ba%a7%e9%98%9f%e5%88%97/ HTTP/1.1" 200 10236 "-" "Mozilla/5.0(Linux;Android 5.1.1;OPPO A33 Build/LMY47V;wv) AppleWebKit/537.36(KHTML,link Gecko) Version/4.0 Chrome/43.0.2357.121 Mobile Safari/537.36 LieBaoFast/4.51.3" "byu4034710001.my3w.com" "text/html" "/usr/home/byu4034710001/htdocs/index.php" 686646
112.126.71.183 - - [10/Jul/2021:08:37:21 +0800] "POST /wp-cron.php?doing_wp_cron=1625877441.8329460620880126953125 HTTP/1.1" 200 20 "http://www.ztloo.com/wp-cron.php?doing_wp_cron=1625877441.8329460620880126953125" "WordPress/4.9.18; http://www.ztloo.com" "byu4034710001.my3w.com" "text/html" "/usr/home/byu4034710001/htdocs/wp-cron.php" 811999
106.11.158.108 - - [10/Jul/2021:08:37:21 +0800] "GET /2017/02/26/mysql%E5%85%A5%E9%97%A8%E5%88%B0%E7%B2%BE%E9%80%9A/ HTTP/1.1" 200 43068 "-" "Mozilla/5.0 (Windows NT 6.1; Win64; x64) AppleWebKit/537.36 (KHTML, like Gecko) Chrome/69.0.3497.81 YisouSpider/5.0 Safari/537.36" "byu4034710001.my3w.com" "text/html" "/usr/home/byu4034710001/htdocs/index.php" 1846547
106.11.155.99 - - [10/Jul/2021:08:37:23 +0800] "GET /wp-content/plugins/beepress/lib/beepress.css?ver=4.5.1 HTTP/1.1" 200 1517 "http://www.ztloo.com/2017/02/26/mysql%E5%85%A5%E9%97%A8%E5%88%B0%E7%B2%BE%E9%80%9A/" "Mozilla/5.0 (Windows NT 6.1; Win64; x64) AppleWebKit/537.36 (KHTML, like Gecko) Chrome/69.0.3497.81 YisouSpider/5.0 Safari/537.36" "byu4034710001.my3w.com" "text/css" "/usr/home/byu4034710001/htdocs/wp-content/plugins/beepress/lib/beepress.css" 819
106.11.152.110 - - [10/Jul/2021:08:37:23 +0800] "GET /wp-includes/css/dashicons.min.css?ver=4.9.18 HTTP/1.1" 200 28645 "http://www.ztloo.com/2017/02/26/mysql%E5%85%A5%E9%97%A8%E5%88%B0%E7%B2%BE%E9%80%9A/" "Mozilla/5.0 (Windows NT 6.1; Win64; x64) AppleWebKit/537.36 (KHTML, like Gecko) Chrome/69.0.3497.81 YisouSpider/5.0 Safari/537.36" "byu4034710001.my3w.com" "text/css" "/usr/home/byu4034710001/htdocs/wp-includes/css/dashicons.min.css" 1842
106.11.152.110 - - [10/Jul/2021:08:37:23 +0800] "GET /wp-content/plugins/wp-player/assets/css/wp-player.css?ver=2.6.1 HTTP/1.1" 200 1987 "http://www.ztloo.com/2017/02/26/mysql%E5%85%A5%E9%97%A8%E5%88%B0%E7%B2%BE%E9%80%9A/" "Mozilla/5.0 (Windows NT 6.1; Win64; x64) AppleWebKit/537.36 (KHTML, like Gecko) Chrome/69.0.3497.81 YisouSpider/5.0 Safari/537.36" "byu4034710001.my3w.com" "text/css" "/usr/home/byu4034710001/htdocs/wp-content/plugins/wp-player/assets/css/wp-player.css" 794
106.11.156.106 - - [10/Jul/2021:08:37:23 +0800] "GET /wp-content/plugins/smartideo/static/smartideo.css?ver=2.5.2 HTTP/1.1" 200 425 "http://www.ztloo.com/2017/02/26/mysql%E5%85%A5%E9%97%A8%E5%88%B0%E7%B2%BE%E9%80%9A/" "Mozilla/5.0 (Windows NT 6.1; Win64; x64) AppleWebKit/537.36 (KHTML, like Gecko) Chrome/69.0.3497.81 YisouSpider/5.0 Safari/537.36" "byu4034710001.my3w.com" "text/css" "/usr/home/byu4034710001/htdocs/wp-content/plugins/smartideo/static/smartideo.css" 574
106.11.156.106 - - [10/Jul/2021:08:37:23 +0800] "GET /wp-content/themes/dux/css/bootstrap.min.css?ver=1.5 HTTP/1.1" 200 16318 "http://www.ztloo.com/2017/02/26/mysql%E5%85%A5%E9%97%A8%E5%88%B0%E7%B2%BE%E9%80%9A/" "Mozilla/5.0 (Windows NT 6.1; Win64; x64) AppleWebKit/537.36 (KHTML, like Gecko) Chrome/69.0.3497.81 YisouSpider/5.0 Safari/537.36" "byu4034710001.my3w.com" "text/css" "/usr/home/byu4034710001/htdocs/wp-content/themes/dux/css/bootstrap.min.css" 3000
106.11.156.106 - - [10/Jul/2021:08:37:23 +0800] "GET /wp-content/plugins/menu-icons/css/extra.min.css?ver=0.10.2 HTTP/1.1" 200 351 "http://www.ztloo.com/2017/02/26/mysql%E5%85%A5%E9%97%A8%E5%88%B0%E7%B2%BE%E9%80%9A/" "Mozilla/5.0 (Windows NT 6.1; Win64; x64) AppleWebKit/537.36 (KHTML, like Gecko) Chrome/69.0.3497.81 YisouSpider/5.0 Safari/537.36" "byu4034710001.my3w.com" "text/css" "/usr/home/byu4034710001/htdocs/wp-content/plugins/menu-icons/css/extra.min.css" 605
106.11.152.110 - - [10/Jul/2021:08:37:23 +0800] "GET /wp-content/themes/dux/css/main.css?ver=1.5 HTTP/1.1" 200 12940 "http://www.ztloo.com/2017/02/26/mysql%E5%85%A5%E9%97%A8%E5%88%B0%E7%B2%BE%E9%80%9A/" "Mozilla/5.0 (Windows NT 6.1; Win64; x64) AppleWebKit/537.36 (KHTML, like Gecko) Chrome/69.0.3497.81 YisouSpider/5.0 Safari/537.36" "byu4034710001.my3w.com" "text/css" "/usr/home/byu4034710001/htdocs/wp-content/themes/dux/css/main.css" 2746
106.11.153.120 - - [10/Jul/2021:08:37:24 +0800] "GET /wp-content/themes/dux/css/font-awesome.min.css?ver=1.5 HTTP/1.1" 200 5045 "http://www.ztloo.com/2017/02/26/mysql%E5%85%A5%E9%97%A8%E5%88%B0%E7%B2%BE%E9%80%9A/" "Mozilla/5.0 (Windows NT 6.1; Win64; x64) AppleWebKit/537.36 (KHTML, like Gecko) Chrome/69.0.3497.81 YisouSpider/5.0 Safari/537.36" "byu4034710001.my3w.com" "text/css" "/usr/home/byu4034710001/htdocs/wp-content/themes/dux/css/font-awesome.min.css" 1134
106.11.158.108 - - [10/Jul/2021:08:37:24 +0800] "GET /wp-content/plugins/jetpack/css/jetpack.css?ver=5.4.2 HTTP/1.1" 200 11895 "http://www.ztloo.com/2017/02/26/mysql%E5%85%A5%E9%97%A8%E5%88%B0%E7%B2%BE%E9%80%9A/" "Mozilla/5.0 (Windows NT 6.1; Win64; x64) AppleWebKit/537.36 (KHTML, like Gecko) Chrome/69.0.3497.81 YisouSpider/5.0 Safari/537.36" "byu4034710001.my3w.com" "text/css" "/usr/home/byu4034710001/htdocs/wp-content/plugins/jetpack/css/jetpack.css" 2388
106.11.156.106 - - [10/Jul/2021:08:37:30 +0800] "GET /wp-content/plugins/wechat-reward/assets/wechat-reward.css?ver=4.9.18 HTTP/1.1" 200 449 "http://www.ztloo.com/2017/02/26/mysql%E5%85%A5%E9%97%A8%E5%88%B0%E7%B2%BE%E9%80%9A/" "Mozilla/5.0 (Windows NT 6.1; Win64; x64) AppleWebKit/537.36 (KHTML, like Gecko) Chrome/69.0.3497.81 YisouSpider/5.0 Safari/537.36" "byu4034710001.my3w.com" "text/css" "/usr/home/byu4034710001/htdocs/wp-content/plugins/wechat-reward/assets/wechat-reward.css" 711
106.11.158.108 - - [10/Jul/2021:08:37:31 +0800] "GET /wp-content/themes/dux/fonts/fontawesome-webfont.woff?v=4.2.0 HTTP/1.1" 200 65452 "http://www.ztloo.com/wp-content/themes/dux/css/font-awesome.min.css?ver=1.5" "Mozilla/5.0 (Windows NT 6.1; Win64; x64) AppleWebKit/537.36 (KHTML, like Gecko) Chrome/69.0.3497.81 YisouSpider/5.0 Safari/537.36" "byu4034710001.my3w.com" "application/x-font-woff" "/usr/home/byu4034710001/htdocs/wp-content/themes/dux/fonts/fontawesome-webfont.woff" 653
106.11.152.103 - - [10/Jul/2021:08:37:40 +0800] "GET /2017/04/09/spark%E5%85%A5%E9%97%A8%E5%88%B0%E7%B2%BE%E9%80%9A/ HTTP/1.1" 200 10346 "-" "Mozilla/5.0 (Windows NT 6.1; Win64; x64) AppleWebKit/537.36 (KHTML, like Gecko) Chrome/69.0.3497.81 YisouSpider/5.0 Safari/537.36" "byu4034710001.my3w.com" "text/html" "/usr/home/byu4034710001/htdocs/index.php" 683085
112.126.71.183 - - [10/Jul/2021:08:39:43 +0800] "POST /wp-cron.php?doing_wp_cron=1625877583.0762290954589843750000 HTTP/1.1" 200 20 "http://www.ztloo.com/wp-cron.php?doing_wp_cron=1625877583.0762290954589843750000" "WordPress/4.9.18; http://www.ztloo.com" "byu4034710001.my3w.com" "text/html" "/usr/home/byu4034710001/htdocs/wp-cron.php" 576797
116.9.31.181 - - [10/Jul/2021:08:39:42 +0800] "GET /goto/vi0m HTTP/1.1" 307 20 "-" "Mozilla/5.0(Linux;Android 5.1.1;OPPO A33 Build/LMY47V;wv) AppleWebKit/537.36(KHTML,link Gecko) Version/4.0 Chrome/42.0.2311.138 Mobile Safari/537.36 Mb2345Browser/9.0" "byu4034710001.my3w.com" "text/html" "/usr/home/byu4034710001/htdocs/index.php" 1094229
171.111.62.147 - - [10/Jul/2021:08:41:24 +0800] "GET /goto/t2sg HTTP/1.1" 307 20 "-" "Mozilla/5.0(Linux;Android 5.1.1;OPPO A33 Build/LMY47V;wv) AppleWebKit/537.36(KHTML,link Gecko) Version/4.0 Chrome/42.0.2311.138 Mobile Safari/537.36 Mb2345Browser/9.0" "byu4034710001.my3w.com" "text/html" "/usr/home/byu4034710001/htdocs/index.php" 542423
112.126.71.183 - - [10/Jul/2021:08:43:29 +0800] "POST /wp-cron.php?doing_wp_cron=1625877809.6923420429229736328125 HTTP/1.1" 200 20 "http://www.ztloo.com/wp-cron.php?doing_wp_cron=1625877809.6923420429229736328125" "WordPress/4.9.18; http://www.ztloo.com" "byu4034710001.my3w.com" "text/html" "/usr/home/byu4034710001/htdocs/wp-cron.php" 567542
106.11.155.106 - - [10/Jul/2021:08:43:29 +0800] "GET /goto/94ot HTTP/1.1" 307 20 "-" "Mozilla/5.0 (Windows NT 6.1; Win64; x64) AppleWebKit/537.36 (KHTML, like Gecko) Chrome/69.0.3497.81 YisouSpider/5.0 Safari/537.36" "byu4034710001.my3w.com" "text/html" "/usr/home/byu4034710001/htdocs/index.php" 1160713
112.126.71.183 - - [10/Jul/2021:08:44:18 +0800] "POST /wp-cron.php?doing_wp_cron=1625877858.0666429996490478515625 HTTP/1.1" 200 20 "http://www.ztloo.com/wp-cron.php?doing_wp_cron=1625877858.0666429996490478515625" "WordPress/4.9.18; http://www.ztloo.com" "byu4034710001.my3w.com" "text/html" "/usr/home/byu4034710001/htdocs/wp-cron.php" 595644
171.111.63.20 - - [10/Jul/2021:08:44:17 +0800] "GET /2018/05/15/docker%E5%AE%9E%E6%88%98-day1%EF%BC%88docker%E5%9F%BA%E7%A1%80%EF%BC%89/ HTTP/1.1" 200 21356 "-" "Mozilla/5.0(Linux;Android 5.1.1;OPPO A33 Build/LMY47V;wv) AppleWebKit/537.36(KHTML,link Gecko) Version/4.0 Chrome/43.0.2357.121 Mobile Safari/537.36 LieBaoFast/4.51.3" "byu4034710001.my3w.com" "text/html" "/usr/home/byu4034710001/htdocs/index.php" 1362103
112.126.71.183 - - [10/Jul/2021:08:48:45 +0800] "POST /wp-cron.php?doing_wp_cron=1625878125.1053810119628906250000 HTTP/1.1" 200 20 "http://www.ztloo.com/wp-cron.php?doing_wp_cron=1625878125.1053810119628906250000" "WordPress/4.9.18; http://www.ztloo.com" "byu4034710001.my3w.com" "text/html" "/usr/home/byu4034710001/htdocs/wp-cron.php" 653510
220.181.108.114 - - [10/Jul/2021:08:48:44 +0800] "GET /goto/cyvo HTTP/1.1" 307 20 "-" "Mozilla/5.0 (compatible; Baiduspider/2.0; +http://www.baidu.com/search/spider.html)" "byu4034710001.my3w.com" "text/html" "/usr/home/byu4034710001/htdocs/index.php" 1234646
112.126.71.183 - - [10/Jul/2021:08:50:05 +0800] "POST /wp-cron.php?doing_wp_cron=1625878205.2592968940734863281250 HTTP/1.1" 200 20 "http://www.ztloo.com/wp-cron.php?doing_wp_cron=1625878205.2592968940734863281250" "WordPress/4.9.18; http://www.ztloo.com" "byu4034710001.my3w.com" "text/html" "/usr/home/byu4034710001/htdocs/wp-cron.php" 581712
54.222.138.107 - - [10/Jul/2021:08:50:04 +0800] "GET /2017/11/04/%E5%A6%82%E4%BD%95%E5%BF%AB%E9%80%9F%E7%88%AC%E5%8F%96b%E7%AB%99%E5%85%A8%E7%AB%99%E8%A7%86%E9%A2%91%E4%BF%A1%E6%81%AF/ HTTP/1.1" 200 11267 "-" "Mozilla/5.0 (Linux; Android 6.0; Nexus 5 Build/MRA58N) AppleWebKit/537.36 (KHTML, like Gecko) Chrome/49.0.4954.1965 Mobile Safari/537.36" "byu4034710001.my3w.com" "text/html" "/usr/home/byu4034710001/htdocs/index.php" 1400130
54.222.138.107 - - [10/Jul/2021:08:50:06 +0800] "POST /2017/11/04/%E5%A6%82%E4%BD%95%E5%BF%AB%E9%80%9F%E7%88%AC%E5%8F%96b%E7%AB%99%E5%85%A8%E7%AB%99%E8%A7%86%E9%A2%91%E4%BF%A1%E6%81%AF/ HTTP/1.1" 200 11165 "http://www.ztloo.com/2017/11/04/%E5%A6%82%E4%BD%95%E5%BF%AB%E9%80%9F%E7%88%AC%E5%8F%96b%E7%AB%99%E5%85%A8%E7%AB%99%E8%A7%86%E9%A2%91%E4%BF%A1%E6%81%AF/" "Mozilla/5.0 (Linux; Android 6.0; Nexus 5 Build/MRA58N) AppleWebKit/537.36 (KHTML, like Gecko) Chrome/49.0.4954.1965 Mobile Safari/537.36" "byu4034710001.my3w.com" "text/html" "/usr/home/byu4034710001/htdocs/index.php" 780425
171.109.218.193 - - [10/Jul/2021:08:50:47 +0800] "GET /goto/h3vg HTTP/1.1" 307 20 "-" "Mozilla/5.0(Linux;U;Android 5.1.1;zh-CN;OPPO A33 Build/LMY47V) AppleWebKit/537.36(KHTML,like Gecko) Version/4.0 Chrome/40.0.2214.89 UCBrowser/11.7.0.953 Mobile Safari/537.36" "byu4034710001.my3w.com" "text/html" "/usr/home/byu4034710001/htdocs/index.php" 499861
123.151.77.91 - - [10/Jul/2021:08:52:09 +0800] "GET /2019/04/15/%e5%90%8c%e4%b9%90%e5%ad%a6%e5%a0%82%e5%87%ba%e5%93%81%e6%b5%8b%e8%af%95%e9%9d%a2%e8%af%95%e9%a2%98 HTTP/1.1" 301 20 "-" "Mozilla/5.0 (Linux; Android 11; M2002J9E Build/RKQ1.200826.002; wv) AppleWebKit/537.36 (KHTML, like Gecko) Version/4.0 Chrome/77.0.3865.120 MQQBrowser/6.2 TBS/045709 Mobile Safari/537.36 MMWEBID/4335 MicroMessenger/8.0.2.1860(0x2800023D) Process/tools WeChat/arm64 Weixin NetType/WIFI Language/zh_CN ABI/arm64" "byu4034710001.my3w.com" "text/html" "/usr/home/byu4034710001/htdocs/index.php" 679689
103.61.153.19 - - [10/Jul/2021:08:52:09 +0800] "GET /2019/04/15/%e5%90%8c%e4%b9%90%e5%ad%a6%e5%a0%82%e5%87%ba%e5%93%81%e6%b5%8b%e8%af%95%e9%9d%a2%e8%af%95%e9%a2%98/ HTTP/1.1" 200 100896 "-" "Mozilla/5.0 (iPhone; CPU iPhone OS 14_6 like Mac OS X) AppleWebKit/605.1.15 (KHTML, like Gecko) Mobile/15E148 MicroMessenger/8.0.6(0x18000633) NetType/WIFI Language/zh_CN" "byu4034710001.my3w.com" "text/html" "/usr/home/byu4034710001/htdocs/index.php" 1266635
103.61.153.19 - - [10/Jul/2021:08:52:11 +0800] "GET /wp-includes/css/dashicons.min.css?ver=4.9.18 HTTP/1.1" 200 28645 "http://www.ztloo.com/2019/04/15/%e5%90%8c%e4%b9%90%e5%ad%a6%e5%a0%82%e5%87%ba%e5%93%81%e6%b5%8b%e8%af%95%e9%9d%a2%e8%af%95%e9%a2%98/" "Mozilla/5.0 (iPhone; CPU iPhone OS 14_6 like Mac OS X) AppleWebKit/605.1.15 (KHTML, like Gecko) Mobile/15E148 MicroMessenger/8.0.6(0x18000633) NetType/WIFI Language/zh_CN" "byu4034710001.my3w.com" "text/css" "/usr/home/byu4034710001/htdocs/wp-includes/css/dashicons.min.css" 1841
103.61.153.19 - - [10/Jul/2021:08:52:11 +0800] "GET /wp-content/plugins/beepress/lib/beepress.css?ver=4.5.1 HTTP/1.1" 200 1517 "http://www.ztloo.com/2019/04/15/%e5%90%8c%e4%b9%90%e5%ad%a6%e5%a0%82%e5%87%ba%e5%93%81%e6%b5%8b%e8%af%95%e9%9d%a2%e8%af%95%e9%a2%98/" "Mozilla/5.0 (iPhone; CPU iPhone OS 14_6 like Mac OS X) AppleWebKit/605.1.15 (KHTML, like Gecko) Mobile/15E148 MicroMessenger/8.0.6(0x18000633) NetType/WIFI Language/zh_CN" "byu4034710001.my3w.com" "text/css" "/usr/home/byu4034710001/htdocs/wp-content/plugins/beepress/lib/beepress.css" 783
103.61.153.19 - - [10/Jul/2021:08:52:11 +0800] "GET /wp-includes/js/wp-emoji-release.min.js?ver=4.9.18 HTTP/1.1" 200 4347 "http://www.ztloo.com/2019/04/15/%e5%90%8c%e4%b9%90%e5%ad%a6%e5%a0%82%e5%87%ba%e5%93%81%e6%b5%8b%e8%af%95%e9%9d%a2%e8%af%95%e9%a2%98/" "Mozilla/5.0 (iPhone; CPU iPhone OS 14_6 like Mac OS X) AppleWebKit/605.1.15 (KHTML, like Gecko) Mobile/15E148 MicroMessenger/8.0.6(0x18000633) NetType/WIFI Language/zh_CN" "byu4034710001.my3w.com" "application/javascript" "/usr/home/byu4034710001/htdocs/wp-includes/js/wp-emoji-release.min.js" 1012
103.61.153.19 - - [10/Jul/2021:08:52:11 +0800] "GET /wp-content/plugins/wp-player/assets/css/wp-player.css?ver=2.6.1 HTTP/1.1" 200 1987 "http://www.ztloo.com/2019/04/15/%e5%90%8c%e4%b9%90%e5%ad%a6%e5%a0%82%e5%87%ba%e5%93%81%e6%b5%8b%e8%af%95%e9%9d%a2%e8%af%95%e9%a2%98/" "Mozilla/5.0 (iPhone; CPU iPhone OS 14_6 like Mac OS X) AppleWebKit/605.1.15 (KHTML, like Gecko) Mobile/15E148 MicroMessenger/8.0.6(0x18000633) NetType/WIFI Language/zh_CN" "byu4034710001.my3w.com" "text/css" "/usr/home/byu4034710001/htdocs/wp-content/plugins/wp-player/assets/css/wp-player.css" 865
103.61.153.19 - - [10/Jul/2021:08:52:11 +0800] "GET /wp-content/plugins/smartideo/static/smartideo.css?ver=2.5.2 HTTP/1.1" 200 425 "http://www.ztloo.com/2019/04/15/%e5%90%8c%e4%b9%90%e5%ad%a6%e5%a0%82%e5%87%ba%e5%93%81%e6%b5%8b%e8%af%95%e9%9d%a2%e8%af%95%e9%a2%98/" "Mozilla/5.0 (iPhone; CPU iPhone OS 14_6 like Mac OS X) AppleWebKit/605.1.15 (KHTML, like Gecko) Mobile/15E148 MicroMessenger/8.0.6(0x18000633) NetType/WIFI Language/zh_CN" "byu4034710001.my3w.com" "text/css" "/usr/home/byu4034710001/htdocs/wp-content/plugins/smartideo/static/smartideo.css" 543
103.61.153.19 - - [10/Jul/2021:08:52:11 +0800] "GET /wp-content/plugins/menu-icons/css/extra.min.css?ver=0.10.2 HTTP/1.1" 200 351 "http://www.ztloo.com/2019/04/15/%e5%90%8c%e4%b9%90%e5%ad%a6%e5%a0%82%e5%87%ba%e5%93%81%e6%b5%8b%e8%af%95%e9%9d%a2%e8%af%95%e9%a2%98/" "Mozilla/5.0 (iPhone; CPU iPhone OS 14_6 like Mac OS X) AppleWebKit/605.1.15 (KHTML, like Gecko) Mobile/15E148 MicroMessenger/8.0.6(0x18000633) NetType/WIFI Language/zh_CN" "byu4034710001.my3w.com" "text/css" "/usr/home/byu4034710001/htdocs/wp-content/plugins/menu-icons/css/extra.min.css" 497
103.61.153.19 - - [10/Jul/2021:08:52:11 +0800] "GET /wp-content/themes/dux/css/font-awesome.min.css?ver=1.5 HTTP/1.1" 200 5045 "http://www.ztloo.com/2019/04/15/%e5%90%8c%e4%b9%90%e5%ad%a6%e5%a0%82%e5%87%ba%e5%93%81%e6%b5%8b%e8%af%95%e9%9d%a2%e8%af%95%e9%a2%98/" "Mozilla/5.0 (iPhone; CPU iPhone OS 14_6 like Mac OS X) AppleWebKit/605.1.15 (KHTML, like Gecko) Mobile/15E148 MicroMessenger/8.0.6(0x18000633) NetType/WIFI Language/zh_CN" "byu4034710001.my3w.com" "text/css" "/usr/home/byu4034710001/htdocs/wp-content/themes/dux/css/font-awesome.min.css" 977
103.61.153.19 - - [10/Jul/2021:08:52:11 +0800] "GET /wp-content/themes/dux/css/bootstrap.min.css?ver=1.5 HTTP/1.1" 200 16318 "http://www.ztloo.com/2019/04/15/%e5%90%8c%e4%b9%90%e5%ad%a6%e5%a0%82%e5%87%ba%e5%93%81%e6%b5%8b%e8%af%95%e9%9d%a2%e8%af%95%e9%a2%98/" "Mozilla/5.0 (iPhone; CPU iPhone OS 14_6 like Mac OS X) AppleWebKit/605.1.15 (KHTML, like Gecko) Mobile/15E148 MicroMessenger/8.0.6(0x18000633) NetType/WIFI Language/zh_CN" "byu4034710001.my3w.com" "text/css" "/usr/home/byu4034710001/htdocs/wp-content/themes/dux/css/bootstrap.min.css" 2935
103.61.153.19 - - [10/Jul/2021:08:52:11 +0800] "GET /wp-content/plugins/jetpack/css/jetpack.css?ver=5.4.2 HTTP/1.1" 200 11895 "http://www.ztloo.com/2019/04/15/%e5%90%8c%e4%b9%90%e5%ad%a6%e5%a0%82%e5%87%ba%e5%93%81%e6%b5%8b%e8%af%95%e9%9d%a2%e8%af%95%e9%a2%98/" "Mozilla/5.0 (iPhone; CPU iPhone OS 14_6 like Mac OS X) AppleWebKit/605.1.15 (KHTML, like Gecko) Mobile/15E148 MicroMessenger/8.0.6(0x18000633) NetType/WIFI Language/zh_CN" "byu4034710001.my3w.com" "text/css" "/usr/home/byu4034710001/htdocs/wp-content/plugins/jetpack/css/jetpack.css" 2075
103.61.153.19 - - [10/Jul/2021:08:52:11 +0800] "GET /wp-content/plugins/cos-html-cache/common.js.php?hash=839ed738ed981287b64f0667bcf0c660 HTTP/1.1" 200 446 "http://www.ztloo.com/2019/04/15/%e5%90%8c%e4%b9%90%e5%ad%a6%e5%a0%82%e5%87%ba%e5%93%81%e6%b5%8b%e8%af%95%e9%9d%a2%e8%af%95%e9%a2%98/" "Mozilla/5.0 (iPhone; CPU iPhone OS 14_6 like Mac OS X) AppleWebKit/605.1.15 (KHTML, like Gecko) Mobile/15E148 MicroMessenger/8.0.6(0x18000633) NetType/WIFI Language/zh_CN" "byu4034710001.my3w.com" "text/javascript" "/usr/home/byu4034710001/htdocs/wp-content/plugins/cos-html-cache/common.js.php" 14549
103.61.153.19 - - [10/Jul/2021:08:52:11 +0800] "GET /wp-content/plugins/beepress/lib/beepress-pro.js?ver=4.5.1 HTTP/1.1" 200 3775 "http://www.ztloo.com/2019/04/15/%e5%90%8c%e4%b9%90%e5%ad%a6%e5%a0%82%e5%87%ba%e5%93%81%e6%b5%8b%e8%af%95%e9%9d%a2%e8%af%95%e9%a2%98/" "Mozilla/5.0 (iPhone; CPU iPhone OS 14_6 like Mac OS X) AppleWebKit/605.1.15 (KHTML, like Gecko) Mobile/15E148 MicroMessenger/8.0.6(0x18000633) NetType/WIFI Language/zh_CN" "byu4034710001.my3w.com" "application/javascript" "/usr/home/byu4034710001/htdocs/wp-content/plugins/beepress/lib/beepress-pro.js" 909
103.61.153.19 - - [10/Jul/2021:08:52:11 +0800] "GET /wp-content/plugins/smartideo/static/smartideo.js?ver=2.5.2 HTTP/1.1" 200 365 "http://www.ztloo.com/2019/04/15/%e5%90%8c%e4%b9%90%e5%ad%a6%e5%a0%82%e5%87%ba%e5%93%81%e6%b5%8b%e8%af%95%e9%9d%a2%e8%af%95%e9%a2%98/" "Mozilla/5.0 (iPhone; CPU iPhone OS 14_6 like Mac OS X) AppleWebKit/605.1.15 (KHTML, like Gecko) Mobile/15E148 MicroMessenger/8.0.6(0x18000633) NetType/WIFI Language/zh_CN" "byu4034710001.my3w.com" "application/javascript" "/usr/home/byu4034710001/htdocs/wp-content/plugins/smartideo/static/smartideo.js" 561
103.61.153.19 - - [10/Jul/2021:08:52:11 +0800] "GET /wp-content/plugins/wp-player/assets/js/libs/soundmanager/soundmanager2.js?ver=2.6.1 HTTP/1.1" 200 17841 "http://www.ztloo.com/2019/04/15/%e5%90%8c%e4%b9%90%e5%ad%a6%e5%a0%82%e5%87%ba%e5%93%81%e6%b5%8b%e8%af%95%e9%9d%a2%e8%af%95%e9%a2%98/" "Mozilla/5.0 (iPhone; CPU iPhone OS 14_6 like Mac OS X) AppleWebKit/605.1.15 (KHTML, like Gecko) Mobile/15E148 MicroMessenger/8.0.6(0x18000633) NetType/WIFI Language/zh_CN" "byu4034710001.my3w.com" "application/javascript" "/usr/home/byu4034710001/htdocs/wp-content/plugins/wp-player/assets/js/libs/soundmanager/soundmanager2.js" 2394
103.61.153.19 - - [10/Jul/2021:08:52:11 +0800] "GET /wp-content/plugins/wp-player/assets/js/wp-player.js?ver=2.6.1 HTTP/1.1" 200 3910 "http://www.ztloo.com/2019/04/15/%e5%90%8c%e4%b9%90%e5%ad%a6%e5%a0%82%e5%87%ba%e5%93%81%e6%b5%8b%e8%af%95%e9%9d%a2%e8%af%95%e9%a2%98/" "Mozilla/5.0 (iPhone; CPU iPhone OS 14_6 like Mac OS X) AppleWebKit/605.1.15 (KHTML, like Gecko) Mobile/15E148 MicroMessenger/8.0.6(0x18000633) NetType/WIFI Language/zh_CN" "byu4034710001.my3w.com" "application/javascript" "/usr/home/byu4034710001/htdocs/wp-content/plugins/wp-player/assets/js/wp-player.js" 786
103.61.153.19 - - [10/Jul/2021:08:52:11 +0800] "GET /wp-content/themes/dux/js/loader.js?ver=1.5 HTTP/1.1" 200 6452 "http://www.ztloo.com/2019/04/15/%e5%90%8c%e4%b9%90%e5%ad%a6%e5%a0%82%e5%87%ba%e5%93%81%e6%b5%8b%e8%af%95%e9%9d%a2%e8%af%95%e9%a2%98/" "Mozilla/5.0 (iPhone; CPU iPhone OS 14_6 like Mac OS X) AppleWebKit/605.1.15 (KHTML, like Gecko) Mobile/15E148 MicroMessenger/8.0.6(0x18000633) NetType/WIFI Language/zh_CN" "byu4034710001.my3w.com" "application/javascript" "/usr/home/byu4034710001/htdocs/wp-content/themes/dux/js/loader.js" 896
103.61.153.19 - - [10/Jul/2021:08:52:11 +0800] "GET /wp-includes/js/wp-embed.min.js?ver=4.9.18 HTTP/1.1" 200 739 "http://www.ztloo.com/2019/04/15/%e5%90%8c%e4%b9%90%e5%ad%a6%e5%a0%82%e5%87%ba%e5%93%81%e6%b5%8b%e8%af%95%e9%9d%a2%e8%af%95%e9%a2%98/" "Mozilla/5.0 (iPhone; CPU iPhone OS 14_6 like Mac OS X) AppleWebKit/605.1.15 (KHTML, like Gecko) Mobile/15E148 MicroMessenger/8.0.6(0x18000633) NetType/WIFI Language/zh_CN" "byu4034710001.my3w.com" "application/javascript" "/usr/home/byu4034710001/htdocs/wp-includes/js/wp-embed.min.js" 547
103.61.153.19 - - [10/Jul/2021:08:52:11 +0800] "GET /wp-content/plugins/dplayer-for-wp/dplayer/init-dplayer.js?ver=1.0.0 HTTP/1.1" 200 195 "http://www.ztloo.com/2019/04/15/%e5%90%8c%e4%b9%90%e5%ad%a6%e5%a0%82%e5%87%ba%e5%93%81%e6%b5%8b%e8%af%95%e9%9d%a2%e8%af%95%e9%a2%98/" "Mozilla/5.0 (iPhone; CPU iPhone OS 14_6 like Mac OS X) AppleWebKit/605.1.15 (KHTML, like Gecko) Mobile/15E148 MicroMessenger/8.0.6(0x18000633) NetType/WIFI Language/zh_CN" "byu4034710001.my3w.com" "application/javascript" "/usr/home/byu4034710001/htdocs/wp-content/plugins/dplayer-for-wp/dplayer/init-dplayer.js" 641
103.61.153.19 - - [10/Jul/2021:08:52:11 +0800] "GET /wp-content/uploads/2017/02/logo6-e1487395289862.png HTTP/1.1" 200 9409 "http://www.ztloo.com/2019/04/15/%e5%90%8c%e4%b9%90%e5%ad%a6%e5%a0%82%e5%87%ba%e5%93%81%e6%b5%8b%e8%af%95%e9%9d%a2%e8%af%95%e9%a2%98/" "Mozilla/5.0 (iPhone; CPU iPhone OS 14_6 like Mac OS X) AppleWebKit/605.1.15 (KHTML, like Gecko) Mobile/15E148 MicroMessenger/8.0.6(0x18000633) NetType/WIFI Language/zh_CN" "byu4034710001.my3w.com" "image/png" "/usr/home/byu4034710001/htdocs/wp-content/uploads/2017/02/logo6-e1487395289862.png" 490
103.61.153.19 - - [10/Jul/2021:08:52:11 +0800] "GET /wp-content/uploads/2019/04/f048f8c17eded373bfd8b9d84b01d719.png HTTP/1.1" 200 130957 "http://www.ztloo.com/2019/04/15/%e5%90%8c%e4%b9%90%e5%ad%a6%e5%a0%82%e5%87%ba%e5%93%81%e6%b5%8b%e8%af%95%e9%9d%a2%e8%af%95%e9%a2%98/" "Mozilla/5.0 (iPhone; CPU iPhone OS 14_6 like Mac OS X) AppleWebKit/605.1.15 (KHTML, like Gecko) Mobile/15E148 MicroMessenger/8.0.6(0x18000633) NetType/WIFI Language/zh_CN" "byu4034710001.my3w.com" "image/png" "/usr/home/byu4034710001/htdocs/wp-content/uploads/2019/04/f048f8c17eded373bfd8b9d84b01d719.png" 2532
123.151.77.91 - - [10/Jul/2021:08:52:10 +0800] "GET /2019/04/15/%e5%90%8c%e4%b9%90%e5%ad%a6%e5%a0%82%e5%87%ba%e5%93%81%e6%b5%8b%e8%af%95%e9%9d%a2%e8%af%95%e9%a2%98/ HTTP/1.1" 200 100893 "-" "Mozilla/5.0 (Linux; Android 11; M2002J9E Build/RKQ1.200826.002; wv) AppleWebKit/537.36 (KHTML, like Gecko) Version/4.0 Chrome/77.0.3865.120 MQQBrowser/6.2 TBS/045709 Mobile Safari/537.36 MMWEBID/4335 MicroMessenger/8.0.2.1860(0x2800023D) Process/tools WeChat/arm64 Weixin NetType/WIFI Language/zh_CN ABI/arm64" "byu4034710001.my3w.com" "text/html" "/usr/home/byu4034710001/htdocs/index.php" 2087169
222.129.52.161 - - [10/Jul/2021:08:52:13 +0800] "GET /wp-content/plugins/beepress/lib/beepress.css?ver=4.5.1 HTTP/1.1" 200 1517 "http://www.ztloo.com/2019/04/15/%e5%90%8c%e4%b9%90%e5%ad%a6%e5%a0%82%e5%87%ba%e5%93%81%e6%b5%8b%e8%af%95%e9%9d%a2%e8%af%95%e9%a2%98/" "Mozilla/5.0 (Linux; Android 11; M2002J9E Build/RKQ1.200826.002; wv) AppleWebKit/537.36 (KHTML, like Gecko) Version/4.0 Chrome/77.0.3865.120 MQQBrowser/6.2 TBS/045709 Mobile Safari/537.36 MMWEBID/4335 MicroMessenger/8.0.2.1860(0x2800023D) Process/tools WeChat/arm64 Weixin NetType/WIFI Language/zh_CN ABI/arm64" "byu4034710001.my3w.com" "text/css" "/usr/home/byu4034710001/htdocs/wp-content/plugins/beepress/lib/beepress.css" 849
222.129.52.161 - - [10/Jul/2021:08:52:13 +0800] "GET /wp-includes/css/dashicons.min.css?ver=4.9.18 HTTP/1.1" 200 28645 "http://www.ztloo.com/2019/04/15/%e5%90%8c%e4%b9%90%e5%ad%a6%e5%a0%82%e5%87%ba%e5%93%81%e6%b5%8b%e8%af%95%e9%9d%a2%e8%af%95%e9%a2%98/" "Mozilla/5.0 (Linux; Android 11; M2002J9E Build/RKQ1.200826.002; wv) AppleWebKit/537.36 (KHTML, like Gecko) Version/4.0 Chrome/77.0.3865.120 MQQBrowser/6.2 TBS/045709 Mobile Safari/537.36 MMWEBID/4335 MicroMessenger/8.0.2.1860(0x2800023D) Process/tools WeChat/arm64 Weixin NetType/WIFI Language/zh_CN ABI/arm64" "byu4034710001.my3w.com" "text/css" "/usr/home/byu4034710001/htdocs/wp-includes/css/dashicons.min.css" 1844
222.129.52.161 - - [10/Jul/2021:08:52:13 +0800] "GET /wp-content/plugins/smartideo/static/smartideo.css?ver=2.5.2 HTTP/1.1" 200 425 "http://www.ztloo.com/2019/04/15/%e5%90%8c%e4%b9%90%e5%ad%a6%e5%a0%82%e5%87%ba%e5%93%81%e6%b5%8b%e8%af%95%e9%9d%a2%e8%af%95%e9%a2%98/" "Mozilla/5.0 (Linux; Android 11; M2002J9E Build/RKQ1.200826.002; wv) AppleWebKit/537.36 (KHTML, like Gecko) Version/4.0 Chrome/77.0.3865.120 MQQBrowser/6.2 TBS/045709 Mobile Safari/537.36 MMWEBID/4335 MicroMessenger/8.0.2.1860(0x2800023D) Process/tools WeChat/arm64 Weixin NetType/WIFI Language/zh_CN ABI/arm64" "byu4034710001.my3w.com" "text/css" "/usr/home/byu4034710001/htdocs/wp-content/plugins/smartideo/static/smartideo.css" 687
222.129.52.161 - - [10/Jul/2021:08:52:13 +0800] "GET /wp-content/plugins/menu-icons/css/extra.min.css?ver=0.10.2 HTTP/1.1" 200 351 "http://www.ztloo.com/2019/04/15/%e5%90%8c%e4%b9%90%e5%ad%a6%e5%a0%82%e5%87%ba%e5%93%81%e6%b5%8b%e8%af%95%e9%9d%a2%e8%af%95%e9%a2%98/" "Mozilla/5.0 (Linux; Android 11; M2002J9E Build/RKQ1.200826.002; wv) AppleWebKit/537.36 (KHTML, like Gecko) Version/4.0 Chrome/77.0.3865.120 MQQBrowser/6.2 TBS/045709 Mobile Safari/537.36 MMWEBID/4335 MicroMessenger/8.0.2.1860(0x2800023D) Process/tools WeChat/arm64 Weixin NetType/WIFI Language/zh_CN ABI/arm64" "byu4034710001.my3w.com" "text/css" "/usr/home/byu4034710001/htdocs/wp-content/plugins/menu-icons/css/extra.min.css" 601
222.129.52.161 - - [10/Jul/2021:08:52:13 +0800] "GET /wp-content/plugins/wp-player/assets/css/wp-player.css?ver=2.6.1 HTTP/1.1" 200 1987 "http://www.ztloo.com/2019/04/15/%e5%90%8c%e4%b9%90%e5%ad%a6%e5%a0%82%e5%87%ba%e5%93%81%e6%b5%8b%e8%af%95%e9%9d%a2%e8%af%95%e9%a2%98/" "Mozilla/5.0 (Linux; Android 11; M2002J9E Build/RKQ1.200826.002; wv) AppleWebKit/537.36 (KHTML, like Gecko) Version/4.0 Chrome/77.0.3865.120 MQQBrowser/6.2 TBS/045709 Mobile Safari/537.36 MMWEBID/4335 MicroMessenger/8.0.2.1860(0x2800023D) Process/tools WeChat/arm64 Weixin NetType/WIFI Language/zh_CN ABI/arm64" "byu4034710001.my3w.com" "text/css" "/usr/home/byu4034710001/htdocs/wp-content/plugins/wp-player/assets/css/wp-player.css" 657
222.129.52.161 - - [10/Jul/2021:08:52:13 +0800] "GET /wp-content/themes/dux/css/bootstrap.min.css?ver=1.5 HTTP/1.1" 200 16318 "http://www.ztloo.com/2019/04/15/%e5%90%8c%e4%b9%90%e5%ad%a6%e5%a0%82%e5%87%ba%e5%93%81%e6%b5%8b%e8%af%95%e9%9d%a2%e8%af%95%e9%a2%98/" "Mozilla/5.0 (Linux; Android 11; M2002J9E Build/RKQ1.200826.002; wv) AppleWebKit/537.36 (KHTML, like Gecko) Version/4.0 Chrome/77.0.3865.120 MQQBrowser/6.2 TBS/045709 Mobile Safari/537.36 MMWEBID/4335 MicroMessenger/8.0.2.1860(0x2800023D) Process/tools WeChat/arm64 Weixin NetType/WIFI Language/zh_CN ABI/arm64" "byu4034710001.my3w.com" "text/css" "/usr/home/byu4034710001/htdocs/wp-content/themes/dux/css/bootstrap.min.css" 2976
222.129.52.161 - - [10/Jul/2021:08:52:13 +0800] "GET /wp-content/themes/dux/css/font-awesome.min.css?ver=1.5 HTTP/1.1" 200 5045 "http://www.ztloo.com/2019/04/15/%e5%90%8c%e4%b9%90%e5%ad%a6%e5%a0%82%e5%87%ba%e5%93%81%e6%b5%8b%e8%af%95%e9%9d%a2%e8%af%95%e9%a2%98/" "Mozilla/5.0 (Linux; Android 11; M2002J9E Build/RKQ1.200826.002; wv) AppleWebKit/537.36 (KHTML, like Gecko) Version/4.0 Chrome/77.0.3865.120 MQQBrowser/6.2 TBS/045709 Mobile Safari/537.36 MMWEBID/4335 MicroMessenger/8.0.2.1860(0x2800023D) Process/tools WeChat/arm64 Weixin NetType/WIFI Language/zh_CN ABI/arm64" "byu4034710001.my3w.com" "text/css" "/usr/home/byu4034710001/htdocs/wp-content/themes/dux/css/font-awesome.min.css" 1157
222.129.52.161 - - [10/Jul/2021:08:52:13 +0800] "GET /wp-content/themes/dux/css/main.css?ver=1.5 HTTP/1.1" 200 12940 "http://www.ztloo.com/2019/04/15/%e5%90%8c%e4%b9%90%e5%ad%a6%e5%a0%82%e5%87%ba%e5%93%81%e6%b5%8b%e8%af%95%e9%9d%a2%e8%af%95%e9%a2%98/" "Mozilla/5.0 (Linux; Android 11; M2002J9E Build/RKQ1.200826.002; wv) AppleWebKit/537.36 (KHTML, like Gecko) Version/4.0 Chrome/77.0.3865.120 MQQBrowser/6.2 TBS/045709 Mobile Safari/537.36 MMWEBID/4335 MicroMessenger/8.0.2.1860(0x2800023D) Process/tools WeChat/arm64 Weixin NetType/WIFI Language/zh_CN ABI/arm64" "byu4034710001.my3w.com" "text/css" "/usr/home/byu4034710001/htdocs/wp-content/themes/dux/css/main.css" 2847
222.129.52.161 - - [10/Jul/2021:08:52:13 +0800] "GET /wp-content/plugins/jetpack/css/jetpack.css?ver=5.4.2 HTTP/1.1" 200 11895 "http://www.ztloo.com/2019/04/15/%e5%90%8c%e4%b9%90%e5%ad%a6%e5%a0%82%e5%87%ba%e5%93%81%e6%b5%8b%e8%af%95%e9%9d%a2%e8%af%95%e9%a2%98/" "Mozilla/5.0 (Linux; Android 11; M2002J9E Build/RKQ1.200826.002; wv) AppleWebKit/537.36 (KHTML, like Gecko) Version/4.0 Chrome/77.0.3865.120 MQQBrowser/6.2 TBS/045709 Mobile Safari/537.36 MMWEBID/4335 MicroMessenger/8.0.2.1860(0x2800023D) Process/tools WeChat/arm64 Weixin NetType/WIFI Language/zh_CN ABI/arm64" "byu4034710001.my3w.com" "text/css" "/usr/home/byu4034710001/htdocs/wp-content/plugins/jetpack/css/jetpack.css" 2225
222.129.52.161 - - [10/Jul/2021:08:52:13 +0800] "GET /wp-content/uploads/2017/02/logo6-e1487395289862.png HTTP/1.1" 200 9409 "http://www.ztloo.com/2019/04/15/%e5%90%8c%e4%b9%90%e5%ad%a6%e5%a0%82%e5%87%ba%e5%93%81%e6%b5%8b%e8%af%95%e9%9d%a2%e8%af%95%e9%a2%98/" "Mozilla/5.0 (Linux; Android 11; M2002J9E Build/RKQ1.200826.002; wv) AppleWebKit/537.36 (KHTML, like Gecko) Version/4.0 Chrome/77.0.3865.120 MQQBrowser/6.2 TBS/045709 Mobile Safari/537.36 MMWEBID/4335 MicroMessenger/8.0.2.1860(0x2800023D) Process/tools WeChat/arm64 Weixin NetType/WIFI Language/zh_CN ABI/arm64" "byu4034710001.my3w.com" "image/png" "/usr/home/byu4034710001/htdocs/wp-content/uploads/2017/02/logo6-e1487395289862.png" 607
222.129.52.161 - - [10/Jul/2021:08:52:13 +0800] "GET /wp-content/uploads/2019/04/f048f8c17eded373bfd8b9d84b01d719.png HTTP/1.1" 200 130957 "http://www.ztloo.com/2019/04/15/%e5%90%8c%e4%b9%90%e5%ad%a6%e5%a0%82%e5%87%ba%e5%93%81%e6%b5%8b%e8%af%95%e9%9d%a2%e8%af%95%e9%a2%98/" "Mozilla/5.0 (Linux; Android 11; M2002J9E Build/RKQ1.200826.002; wv) AppleWebKit/537.36 (KHTML, like Gecko) Version/4.0 Chrome/77.0.3865.120 MQQBrowser/6.2 TBS/045709 Mobile Safari/537.36 MMWEBID/4335 MicroMessenger/8.0.2.1860(0x2800023D) Process/tools WeChat/arm64 Weixin NetType/WIFI Language/zh_CN ABI/arm64" "byu4034710001.my3w.com" "image/png" "/usr/home/byu4034710001/htdocs/wp-content/uploads/2019/04/f048f8c17eded373bfd8b9d84b01d719.png" 671
125.39.46.46 - - [10/Jul/2021:08:52:13 +0800] "GET /wp-includes/js/wp-emoji-release.min.js?ver=4.9.18 HTTP/1.1" 200 4347 "http://www.ztloo.com/2019/04/15/%e5%90%8c%e4%b9%90%e5%ad%a6%e5%a0%82%e5%87%ba%e5%93%81%e6%b5%8b%e8%af%95%e9%9d%a2%e8%af%95%e9%a2%98/" "Mozilla/5.0 (Linux; Android 11; M2002J9E Build/RKQ1.200826.002; wv) AppleWebKit/537.36 (KHTML, like Gecko) Version/4.0 Chrome/77.0.3865.120 MQQBrowser/6.2 TBS/045709 Mobile Safari/537.36 MMWEBID/4335 MicroMessenger/8.0.2.1860(0x2800023D) Process/tools WeChat/arm64 Weixin NetType/WIFI Language/zh_CN ABI/arm64" "byu4034710001.my3w.com" "application/javascript" "/usr/home/byu4034710001/htdocs/wp-includes/js/wp-emoji-release.min.js" 1256
222.129.52.161 - - [10/Jul/2021:08:52:13 +0800] "GET /wp-content/uploads/2019/04/1400230c8b4caa13f57f236b3282dee4.png HTTP/1.1" 200 44587 "http://www.ztloo.com/2019/04/15/%e5%90%8c%e4%b9%90%e5%ad%a6%e5%a0%82%e5%87%ba%e5%93%81%e6%b5%8b%e8%af%95%e9%9d%a2%e8%af%95%e9%a2%98/" "Mozilla/5.0 (Linux; Android 11; M2002J9E Build/RKQ1.200826.002; wv) AppleWebKit/537.36 (KHTML, like Gecko) Version/4.0 Chrome/77.0.3865.120 MQQBrowser/6.2 TBS/045709 Mobile Safari/537.36 MMWEBID/4335 MicroMessenger/8.0.2.1860(0x2800023D) Process/tools WeChat/arm64 Weixin NetType/WIFI Language/zh_CN ABI/arm64" "byu4034710001.my3w.com" "image/png" "/usr/home/byu4034710001/htdocs/wp-content/uploads/2019/04/1400230c8b4caa13f57f236b3282dee4.png" 1657
222.129.52.161 - - [10/Jul/2021:08:52:13 +0800] "GET /wp-content/uploads/2019/04/c843be38811432d10fe60d5f0e694e15.png HTTP/1.1" 200 368700 "http://www.ztloo.com/2019/04/15/%e5%90%8c%e4%b9%90%e5%ad%a6%e5%a0%82%e5%87%ba%e5%93%81%e6%b5%8b%e8%af%95%e9%9d%a2%e8%af%95%e9%a2%98/" "Mozilla/5.0 (Linux; Android 11; M2002J9E Build/RKQ1.200826.002; wv) AppleWebKit/537.36 (KHTML, like Gecko) Version/4.0 Chrome/77.0.3865.120 MQQBrowser/6.2 TBS/045709 Mobile Safari/537.36 MMWEBID/4335 MicroMessenger/8.0.2.1860(0x2800023D) Process/tools WeChat/arm64 Weixin NetType/WIFI Language/zh_CN ABI/arm64" "byu4034710001.my3w.com" "image/png" "/usr/home/byu4034710001/htdocs/wp-content/uploads/2019/04/c843be38811432d10fe60d5f0e694e15.png" 2817
222.129.52.161 - - [10/Jul/2021:08:52:13 +0800] "GET /wp-content/themes/dux/fonts/fontawesome-webfont.woff?v=4.2.0 HTTP/1.1" 200 65452 "http://www.ztloo.com/wp-content/themes/dux/css/font-awesome.min.css?ver=1.5" "Mozilla/5.0 (Linux; Android 11; M2002J9E Build/RKQ1.200826.002; wv) AppleWebKit/537.36 (KHTML, like Gecko) Version/4.0 Chrome/77.0.3865.120 MQQBrowser/6.2 TBS/045709 Mobile Safari/537.36 MMWEBID/4335 MicroMessenger/8.0.2.1860(0x2800023D) Process/tools WeChat/arm64 Weixin NetType/WIFI Language/zh_CN ABI/arm64" "byu4034710001.my3w.com" "application/x-font-woff" "/usr/home/byu4034710001/htdocs/wp-content/themes/dux/fonts/fontawesome-webfont.woff" 571
222.129.52.161 - - [10/Jul/2021:08:52:14 +0800] "GET /wp-content/uploads/2019/04/a245c9dd6d2395415ce18f0754ef10e4.png HTTP/1.1" 200 103652 "http://www.ztloo.com/2019/04/15/%e5%90%8c%e4%b9%90%e5%ad%a6%e5%a0%82%e5%87%ba%e5%93%81%e6%b5%8b%e8%af%95%e9%9d%a2%e8%af%95%e9%a2%98/" "Mozilla/5.0 (Linux; Android 11; M2002J9E Build/RKQ1.200826.002; wv) AppleWebKit/537.36 (KHTML, like Gecko) Version/4.0 Chrome/77.0.3865.120 MQQBrowser/6.2 TBS/045709 Mobile Safari/537.36 MMWEBID/4335 MicroMessenger/8.0.2.1860(0x2800023D) Process/tools WeChat/arm64 Weixin NetType/WIFI Language/zh_CN ABI/arm64" "byu4034710001.my3w.com" "image/png" "/usr/home/byu4034710001/htdocs/wp-content/uploads/2019/04/a245c9dd6d2395415ce18f0754ef10e4.png" 2202
222.129.52.161 - - [10/Jul/2021:08:52:14 +0800] "GET /wp-content/uploads/2019/04/3c11b2442afa73807f2e500b52d17b51.png HTTP/1.1" 200 11965 "http://www.ztloo.com/2019/04/15/%e5%90%8c%e4%b9%90%e5%ad%a6%e5%a0%82%e5%87%ba%e5%93%81%e6%b5%8b%e8%af%95%e9%9d%a2%e8%af%95%e9%a2%98/" "Mozilla/5.0 (Linux; Android 11; M2002J9E Build/RKQ1.200826.002; wv) AppleWebKit/537.36 (KHTML, like Gecko) Version/4.0 Chrome/77.0.3865.120 MQQBrowser/6.2 TBS/045709 Mobile Safari/537.36 MMWEBID/4335 MicroMessenger/8.0.2.1860(0x2800023D) Process/tools WeChat/arm64 Weixin NetType/WIFI Language/zh_CN ABI/arm64" "byu4034710001.my3w.com" "image/png" "/usr/home/byu4034710001/htdocs/wp-content/uploads/2019/04/3c11b2442afa73807f2e500b52d17b51.png" 1831
222.129.52.161 - - [10/Jul/2021:08:52:14 +0800] "GET /wp-content/plugins/cos-html-cache/common.js.php?hash=839ed738ed981287b64f0667bcf0c660 HTTP/1.1" 200 446 "http://www.ztloo.com/2019/04/15/%e5%90%8c%e4%b9%90%e5%ad%a6%e5%a0%82%e5%87%ba%e5%93%81%e6%b5%8b%e8%af%95%e9%9d%a2%e8%af%95%e9%a2%98/" "Mozilla/5.0 (Linux; Android 11; M2002J9E Build/RKQ1.200826.002; wv) AppleWebKit/537.36 (KHTML, like Gecko) Version/4.0 Chrome/77.0.3865.120 MQQBrowser/6.2 TBS/045709 Mobile Safari/537.36 MMWEBID/4335 MicroMessenger/8.0.2.1860(0x2800023D) Process/tools WeChat/arm64 Weixin NetType/WIFI Language/zh_CN ABI/arm64" "byu4034710001.my3w.com" "text/javascript" "/usr/home/byu4034710001/htdocs/wp-content/plugins/cos-html-cache/common.js.php" 14847
125.39.46.46 - - [10/Jul/2021:08:52:14 +0800] "GET /wp-content/plugins/wp-player/assets/js/libs/soundmanager/soundmanager2.js?ver=2.6.1 HTTP/1.1" 200 17841 "http://www.ztloo.com/2019/04/15/%e5%90%8c%e4%b9%90%e5%ad%a6%e5%a0%82%e5%87%ba%e5%93%81%e6%b5%8b%e8%af%95%e9%9d%a2%e8%af%95%e9%a2%98/" "Mozilla/5.0 (Linux; Android 11; M2002J9E Build/RKQ1.200826.002; wv) AppleWebKit/537.36 (KHTML, like Gecko) Version/4.0 Chrome/77.0.3865.120 MQQBrowser/6.2 TBS/045709 Mobile Safari/537.36 MMWEBID/4335 MicroMessenger/8.0.2.1860(0x2800023D) Process/tools WeChat/arm64 Weixin NetType/WIFI Language/zh_CN ABI/arm64" "byu4034710001.my3w.com" "application/javascript" "/usr/home/byu4034710001/htdocs/wp-content/plugins/wp-player/assets/js/libs/soundmanager/soundmanager2.js" 2625
123.151.77.91 - - [10/Jul/2021:08:52:14 +0800] "GET /wp-content/plugins/smartideo/static/smartideo.js?ver=2.5.2 HTTP/1.1" 200 365 "http://www.ztloo.com/2019/04/15/%e5%90%8c%e4%b9%90%e5%ad%a6%e5%a0%82%e5%87%ba%e5%93%81%e6%b5%8b%e8%af%95%e9%9d%a2%e8%af%95%e9%a2%98/" "Mozilla/5.0 (Linux; Android 11; M2002J9E Build/RKQ1.200826.002; wv) AppleWebKit/537.36 (KHTML, like Gecko) Version/4.0 Chrome/77.0.3865.120 MQQBrowser/6.2 TBS/045709 Mobile Safari/537.36 MMWEBID/4335 MicroMessenger/8.0.2.1860(0x2800023D) Process/tools WeChat/arm64 Weixin NetType/WIFI Language/zh_CN ABI/arm64" "byu4034710001.my3w.com" "application/javascript" "/usr/home/byu4034710001/htdocs/wp-content/plugins/smartideo/static/smartideo.js" 688
123.151.77.91 - - [10/Jul/2021:08:52:14 +0800] "GET /wp-content/themes/dux/js/loader.js?ver=1.5 HTTP/1.1" 200 6452 "http://www.ztloo.com/2019/04/15/%e5%90%8c%e4%b9%90%e5%ad%a6%e5%a0%82%e5%87%ba%e5%93%81%e6%b5%8b%e8%af%95%e9%9d%a2%e8%af%95%e9%a2%98/" "Mozilla/5.0 (Linux; Android 11; M2002J9E Build/RKQ1.200826.002; wv) AppleWebKit/537.36 (KHTML, like Gecko) Version/4.0 Chrome/77.0.3865.120 MQQBrowser/6.2 TBS/045709 Mobile Safari/537.36 MMWEBID/4335 MicroMessenger/8.0.2.1860(0x2800023D) Process/tools WeChat/arm64 Weixin NetType/WIFI Language/zh_CN ABI/arm64" "byu4034710001.my3w.com" "application/javascript" "/usr/home/byu4034710001/htdocs/wp-content/themes/dux/js/loader.js" 1256
123.151.77.91 - - [10/Jul/2021:08:52:14 +0800] "GET /wp-content/plugins/wp-player/assets/js/wp-player.js?ver=2.6.1 HTTP/1.1" 200 3910 "http://www.ztloo.com/2019/04/15/%e5%90%8c%e4%b9%90%e5%ad%a6%e5%a0%82%e5%87%ba%e5%93%81%e6%b5%8b%e8%af%95%e9%9d%a2%e8%af%95%e9%a2%98/" "Mozilla/5.0 (Linux; Android 11; M2002J9E Build/RKQ1.200826.002; wv) AppleWebKit/537.36 (KHTML, like Gecko) Version/4.0 Chrome/77.0.3865.120 MQQBrowser/6.2 TBS/045709 Mobile Safari/537.36 MMWEBID/4335 MicroMessenger/8.0.2.1860(0x2800023D) Process/tools WeChat/arm64 Weixin NetType/WIFI Language/zh_CN ABI/arm64" "byu4034710001.my3w.com" "application/javascript" "/usr/home/byu4034710001/htdocs/wp-content/plugins/wp-player/assets/js/wp-player.js" 862
123.151.77.91 - - [10/Jul/2021:08:52:14 +0800] "GET /wp-content/plugins/dplayer-for-wp/dplayer/init-dplayer.js?ver=1.0.0 HTTP/1.1" 200 195 "http://www.ztloo.com/2019/04/15/%e5%90%8c%e4%b9%90%e5%ad%a6%e5%a0%82%e5%87%ba%e5%93%81%e6%b5%8b%e8%af%95%e9%9d%a2%e8%af%95%e9%a2%98/" "Mozilla/5.0 (Linux; Android 11; M2002J9E Build/RKQ1.200826.002; wv) AppleWebKit/537.36 (KHTML, like Gecko) Version/4.0 Chrome/77.0.3865.120 MQQBrowser/6.2 TBS/045709 Mobile Safari/537.36 MMWEBID/4335 MicroMessenger/8.0.2.1860(0x2800023D) Process/tools WeChat/arm64 Weixin NetType/WIFI Language/zh_CN ABI/arm64" "byu4034710001.my3w.com" "application/javascript" "/usr/home/byu4034710001/htdocs/wp-content/plugins/dplayer-for-wp/dplayer/init-dplayer.js" 498
123.151.77.91 - - [10/Jul/2021:08:52:14 +0800] "GET /wp-content/plugins/beepress/lib/beepress-pro.js?ver=4.5.1 HTTP/1.1" 200 3775 "http://www.ztloo.com/2019/04/15/%e5%90%8c%e4%b9%90%e5%ad%a6%e5%a0%82%e5%87%ba%e5%93%81%e6%b5%8b%e8%af%95%e9%9d%a2%e8%af%95%e9%a2%98/" "Mozilla/5.0 (Linux; Android 11; M2002J9E Build/RKQ1.200826.002; wv) AppleWebKit/537.36 (KHTML, like Gecko) Version/4.0 Chrome/77.0.3865.120 MQQBrowser/6.2 TBS/045709 Mobile Safari/537.36 MMWEBID/4335 MicroMessenger/8.0.2.1860(0x2800023D) Process/tools WeChat/arm64 Weixin NetType/WIFI Language/zh_CN ABI/arm64" "byu4034710001.my3w.com" "application/javascript" "/usr/home/byu4034710001/htdocs/wp-content/plugins/beepress/lib/beepress-pro.js" 1501
123.151.77.91 - - [10/Jul/2021:08:52:14 +0800] "GET /wp-includes/js/wp-embed.min.js?ver=4.9.18 HTTP/1.1" 200 739 "http://www.ztloo.com/2019/04/15/%e5%90%8c%e4%b9%90%e5%ad%a6%e5%a0%82%e5%87%ba%e5%93%81%e6%b5%8b%e8%af%95%e9%9d%a2%e8%af%95%e9%a2%98/" "Mozilla/5.0 (Linux; Android 11; M2002J9E Build/RKQ1.200826.002; wv) AppleWebKit/537.36 (KHTML, like Gecko) Version/4.0 Chrome/77.0.3865.120 MQQBrowser/6.2 TBS/045709 Mobile Safari/537.36 MMWEBID/4335 MicroMessenger/8.0.2.1860(0x2800023D) Process/tools WeChat/arm64 Weixin NetType/WIFI Language/zh_CN ABI/arm64" "byu4034710001.my3w.com" "application/javascript" "/usr/home/byu4034710001/htdocs/wp-includes/js/wp-embed.min.js" 673
103.61.153.19 - - [10/Jul/2021:08:52:14 +0800] "POST /2019/04/15/%e5%90%8c%e4%b9%90%e5%ad%a6%e5%a0%82%e5%87%ba%e5%93%81%e6%b5%8b%e8%af%95%e9%9d%a2%e8%af%95%e9%a2%98/ HTTP/1.1" 200 100784 "http://www.ztloo.com/2019/04/15/%e5%90%8c%e4%b9%90%e5%ad%a6%e5%a0%82%e5%87%ba%e5%93%81%e6%b5%8b%e8%af%95%e9%9d%a2%e8%af%95%e9%a2%98/" "Mozilla/5.0 (iPhone; CPU iPhone OS 14_6 like Mac OS X) AppleWebKit/605.1.15 (KHTML, like Gecko) Mobile/15E148 MicroMessenger/8.0.6(0x18000633) NetType/WIFI Language/zh_CN" "byu4034710001.my3w.com" "text/html" "/usr/home/byu4034710001/htdocs/index.php" 2884107
222.129.52.161 - - [10/Jul/2021:08:52:20 +0800] "GET /wp-content/plugins/wp-content-copy-protector/images/warning.png HTTP/1.1" 200 483 "http://www.ztloo.com/2019/04/15/%e5%90%8c%e4%b9%90%e5%ad%a6%e5%a0%82%e5%87%ba%e5%93%81%e6%b5%8b%e8%af%95%e9%9d%a2%e8%af%95%e9%a2%98/" "Mozilla/5.0 (Linux; Android 11; M2002J9E Build/RKQ1.200826.002; wv) AppleWebKit/537.36 (KHTML, like Gecko) Version/4.0 Chrome/77.0.3865.120 MQQBrowser/6.2 TBS/045709 Mobile Safari/537.36 MMWEBID/4335 MicroMessenger/8.0.2.1860(0x2800023D) Process/tools WeChat/arm64 Weixin NetType/WIFI Language/zh_CN ABI/arm64" "byu4034710001.my3w.com" "image/png" "/usr/home/byu4034710001/htdocs/wp-content/plugins/wp-content-copy-protector/images/warning.png" 747
125.39.46.46 - - [10/Jul/2021:08:52:20 +0800] "GET /wp-content/themes/dux/js/main.js?ver=1.5 HTTP/1.1" 200 4056 "http://www.ztloo.com/2019/04/15/%e5%90%8c%e4%b9%90%e5%ad%a6%e5%a0%82%e5%87%ba%e5%93%81%e6%b5%8b%e8%af%95%e9%9d%a2%e8%af%95%e9%a2%98/" "Mozilla/5.0 (Linux; Android 11; M2002J9E Build/RKQ1.200826.002; wv) AppleWebKit/537.36 (KHTML, like Gecko) Version/4.0 Chrome/77.0.3865.120 MQQBrowser/6.2 TBS/045709 Mobile Safari/537.36 MMWEBID/4335 MicroMessenger/8.0.2.1860(0x2800023D) Process/tools WeChat/arm64 Weixin NetType/WIFI Language/zh_CN ABI/arm64" "byu4034710001.my3w.com" "application/javascript" "/usr/home/byu4034710001/htdocs/wp-content/themes/dux/js/main.js" 1129
125.39.46.46 - - [10/Jul/2021:08:52:20 +0800] "GET /wp-content/themes/dux/js/signpop.js?ver=1.5 HTTP/1.1" 200 1622 "http://www.ztloo.com/2019/04/15/%e5%90%8c%e4%b9%90%e5%ad%a6%e5%a0%82%e5%87%ba%e5%93%81%e6%b5%8b%e8%af%95%e9%9d%a2%e8%af%95%e9%a2%98/" "Mozilla/5.0 (Linux; Android 11; M2002J9E Build/RKQ1.200826.002; wv) AppleWebKit/537.36 (KHTML, like Gecko) Version/4.0 Chrome/77.0.3865.120 MQQBrowser/6.2 TBS/045709 Mobile Safari/537.36 MMWEBID/4335 MicroMessenger/8.0.2.1860(0x2800023D) Process/tools WeChat/arm64 Weixin NetType/WIFI Language/zh_CN ABI/arm64" "byu4034710001.my3w.com" "application/javascript" "/usr/home/byu4034710001/htdocs/wp-content/themes/dux/js/signpop.js" 815
125.39.46.46 - - [10/Jul/2021:08:52:20 +0800] "GET /wp-content/themes/dux/js/comment.js?ver=1.5 HTTP/1.1" 200 2046 "http://www.ztloo.com/2019/04/15/%e5%90%8c%e4%b9%90%e5%ad%a6%e5%a0%82%e5%87%ba%e5%93%81%e6%b5%8b%e8%af%95%e9%9d%a2%e8%af%95%e9%a2%98/" "Mozilla/5.0 (Linux; Android 11; M2002J9E Build/RKQ1.200826.002; wv) AppleWebKit/537.36 (KHTML, like Gecko) Version/4.0 Chrome/77.0.3865.120 MQQBrowser/6.2 TBS/045709 Mobile Safari/537.36 MMWEBID/4335 MicroMessenger/8.0.2.1860(0x2800023D) Process/tools WeChat/arm64 Weixin NetType/WIFI Language/zh_CN ABI/arm64" "byu4034710001.my3w.com" "application/javascript" "/usr/home/byu4034710001/htdocs/wp-content/themes/dux/js/comment.js" 1442
222.129.52.161 - - [10/Jul/2021:08:52:21 +0800] "GET /wp-content/themes/dux/css/share.css HTTP/1.1" 200 483 "http://www.ztloo.com/2019/04/15/%e5%90%8c%e4%b9%90%e5%ad%a6%e5%a0%82%e5%87%ba%e5%93%81%e6%b5%8b%e8%af%95%e9%9d%a2%e8%af%95%e9%a2%98/" "Mozilla/5.0 (Linux; Android 11; M2002J9E Build/RKQ1.200826.002; wv) AppleWebKit/537.36 (KHTML, like Gecko) Version/4.0 Chrome/77.0.3865.120 MQQBrowser/6.2 TBS/045709 Mobile Safari/537.36 MMWEBID/4335 MicroMessenger/8.0.2.1860(0x2800023D) Process/tools WeChat/arm64 Weixin NetType/WIFI Language/zh_CN ABI/arm64" "byu4034710001.my3w.com" "text/css" "/usr/home/byu4034710001/htdocs/wp-content/themes/dux/css/share.css" 795
222.129.52.161 - - [10/Jul/2021:08:52:21 +0800] "GET /wp-content/themes/dux/img/share.png HTTP/1.1" 200 6932 "http://www.ztloo.com/wp-content/themes/dux/css/share.css" "Mozilla/5.0 (Linux; Android 11; M2002J9E Build/RKQ1.200826.002; wv) AppleWebKit/537.36 (KHTML, like Gecko) Version/4.0 Chrome/77.0.3865.120 MQQBrowser/6.2 TBS/045709 Mobile Safari/537.36 MMWEBID/4335 MicroMessenger/8.0.2.1860(0x2800023D) Process/tools WeChat/arm64 Weixin NetType/WIFI Language/zh_CN ABI/arm64" "byu4034710001.my3w.com" "image/png" "/usr/home/byu4034710001/htdocs/wp-content/themes/dux/img/share.png" 582
222.129.52.161 - - [10/Jul/2021:08:52:20 +0800] "POST /2019/04/15/%e5%90%8c%e4%b9%90%e5%ad%a6%e5%a0%82%e5%87%ba%e5%93%81%e6%b5%8b%e8%af%95%e9%9d%a2%e8%af%95%e9%a2%98/ HTTP/1.1" 200 100784 "http://www.ztloo.com/2019/04/15/%e5%90%8c%e4%b9%90%e5%ad%a6%e5%a0%82%e5%87%ba%e5%93%81%e6%b5%8b%e8%af%95%e9%9d%a2%e8%af%95%e9%a2%98/" "Mozilla/5.0 (Linux; Android 11; M2002J9E Build/RKQ1.200826.002; wv) AppleWebKit/537.36 (KHTML, like Gecko) Version/4.0 Chrome/77.0.3865.120 MQQBrowser/6.2 TBS/045709 Mobile Safari/537.36 MMWEBID/4335 MicroMessenger/8.0.2.1860(0x2800023D) Process/tools WeChat/arm64 Weixin NetType/WIFI Language/zh_CN ABI/arm64" "byu4034710001.my3w.com" "text/html" "/usr/home/byu4034710001/htdocs/index.php" 1037619
222.129.52.161 - - [10/Jul/2021:08:52:24 +0800] "GET /wp-content/uploads/2016/10/logo.png HTTP/1.1" 200 13456 "http://www.ztloo.com/2019/04/15/%e5%90%8c%e4%b9%90%e5%ad%a6%e5%a0%82%e5%87%ba%e5%93%81%e6%b5%8b%e8%af%95%e9%9d%a2%e8%af%95%e9%a2%98/" "Mozilla/5.0 (Linux; Android 11; M2002J9E Build/RKQ1.200826.002; wv) AppleWebKit/537.36 (KHTML, like Gecko) Version/4.0 Chrome/77.0.3865.120 MQQBrowser/6.2 TBS/045709 Mobile Safari/537.36 MMWEBID/4335 MicroMessenger/8.0.2.1860(0x2800023D) Process/tools WeChat/arm64 Weixin NetType/WIFI Language/zh_CN ABI/arm64" "byu4034710001.my3w.com" "image/png" "/usr/home/byu4034710001/htdocs/wp-content/uploads/2016/10/logo.png" 602
222.129.52.161 - - [10/Jul/2021:08:52:24 +0800] "GET /favicon.ico HTTP/1.1" 200 - "http://www.ztloo.com/2019/04/15/%e5%90%8c%e4%b9%90%e5%ad%a6%e5%a0%82%e5%87%ba%e5%93%81%e6%b5%8b%e8%af%95%e9%9d%a2%e8%af%95%e9%a2%98/" "Mozilla/5.0 (Linux; Android 11; M2002J9E Build/RKQ1.200826.002; wv) AppleWebKit/537.36 (KHTML, like Gecko) Version/4.0 Chrome/77.0.3865.120 MQQBrowser/6.2 TBS/045709 Mobile Safari/537.36 MMWEBID/4335 MicroMessenger/8.0.2.1860(0x2800023D) Process/tools WeChat/arm64 Weixin NetType/WIFI Language/zh_CN ABI/arm64" "byu4034710001.my3w.com" "image/vnd.microsoft.icon" "/usr/home/byu4034710001/htdocs/index.php" 18141
